{"randomlyGeneratedMeshResults":[{"length":12,"path":[5,15,14,24,23,33,43,53,52,51,50,60]},{"length":6,"path":[65,75,85,84,94,93]},{"length":15,"path":[49,48,47,46,45,44,43,42,52,62,72,82,92,91,90]},{"length":6,"path":[55,56,57,67,77,87]},{"length":7,"path":[80,81,71,61,51,41,40]},{"length":6,"path":[44,45,35,36,37,38]},{"length":7,"path":[35,45,55,65,75,76,86]},{"length":6,"path":[31,32,33,34,35,45]},{"length":11,"path":[76,66,65,64,54,53,52,42,32,31,30]},{"length":7,"path":[63,62,72,82,92,93,94]},{"length":5,"path":[64,63,73,83,82]},{"length":8,"path":[95,96,97,87,77,78,79,89]},{"length":7,"path":[33,23,22,21,20,10,0]},{"length":12,"path":[13,23,33,43,44,54,55,56,57,67,68,78]},{"length":9,"path":[30,31,32,33,34,24,25,15,16]},{"length":9,"path":[14,24,25,35,36,46,47,57,67]},{"length":13,"path":[17,16,26,27,37,47,46,45,55,65,75,76,86]},{"length":6,"path":[13,14,15,5,4,3]},{"length":13,"path":[93,94,84,74,64,65,55,45,35,36,26,16,6]},{"length":6,"path":[51,41,40,30,20,10]},{"length":11,"path":[93,83,73,72,62,52,53,54,55,56,57]},{"length":12,"path":[98,88,78,68,58,48,47,37,27,26,16,6]},{"length":2,"path":[43,33]},{"length":5,"path":[98,88,78,68,58]},{"length":13,"path":[28,27,26,36,46,45,44,43,53,52,51,61,71]},{"length":6,"path":[56,55,54,53,52,62]},{"length":25,"path":[79,78,68,67,66,65,55,45,46,47,48,38,28,27,26,25,35,34,33,32,42,41,40,50,60]},{"length":12,"path":[45,46,47,57,56,55,65,66,67,68,69,79]},{"length":11,"path":[19,29,28,27,26,25,35,45,55,65,64]},{"length":9,"path":[95,94,93,92,91,90,80,81,82]},{"length":5,"path":[77,67,57,47,48]},{"length":null,"path":null},{"length":16,"path":[58,68,67,66,56,46,45,35,34,24,23,33,43,42,41,51]},{"length":14,"path":[7,17,16,26,36,46,45,55,54,64,74,84,83,82]},{"length":5,"path":[27,37,38,39,49]},{"length":8,"path":[65,55,56,57,58,59,69,79]},{"length":14,"path":[18,19,29,39,38,37,36,46,56,66,67,77,87,97]},{"length":null,"path":null},{"length":null,"path":null},{"length":6,"path":[56,55,45,35,36,26]},{"length":null,"path":null},{"length":7,"path":[62,63,53,52,42,32,33]},{"length":14,"path":[90,91,81,82,72,73,74,64,65,66,56,57,47,46]},{"length":null,"path":null},{"length":6,"path":[56,55,54,44,34,24]},{"length":24,"path":[65,55,54,64,63,73,74,75,85,86,76,77,67,57,47,46,45,44,34,33,23,24,14,13]},{"length":null,"path":null},{"length":8,"path":[64,63,62,61,71,81,82,83]},{"length":null,"path":null},{"length":5,"path":[30,31,32,33,23]}]}